// Jest Snapshot v1, https://goo.gl/fbAQLP

exports[`renders correctly 1`] = `
<ForwardRef(render)
  activePropName="active"
  as={[Function]}
  to="/moderate"
>
  link
</ForwardRef(render)>
`;
