// Jest Snapshot v1, https://goo.gl/fbAQLP

exports[`renders correctly 1`] = `
<div
  data-test="single-moderate-container"
>
  <withPropsOnChange(SubBar)
    className="SingleModerate-subBar"
    gutterBegin={true}
    gutterEnd={true}
  >
    <Localized
      id="moderate-single-goToModerationQueues"
    >
      <Link
        className="SingleModerate-subBarBegin"
        to="/admin/moderate/"
      >
        Go to moderation queues
      </Link>
    </Localized>
    <Localized
      id="moderate-single-singleCommentView"
    >
      <div
        className="SingleModerate-subBarTitle"
      >
        Single Comment View
      </div>
    </Localized>
  </withPropsOnChange(SubBar)>
  <div
    className="SingleModerate-background"
  />
  <MainLayout>
    <main
      className="SingleModerate-main"
    >
      singe comment queue
    </main>
  </MainLayout>
</div>
`;
