// Jest Snapshot v1, https://goo.gl/fbAQLP

exports[`renders correctly 1`] = `
<ForwardRef(forwardRef)
  className="RejectedIcon-root"
  size="md"
>
  cancel
</ForwardRef(forwardRef)>
`;
