// Jest Snapshot v1, https://goo.gl/fbAQLP

exports[`renders correctly 1`] = `
<ForwardRef(forwardRef)
  className="App-root"
>
  <withContext(withLocalStateContainer(TabBarQuery)) />
  <TabContent
    activeTab="COMMENTS"
    className="App-tabContent"
  >
    <TabPane
      data-testid="current-tab-pane"
      tabId="COMMENTS"
    >
      <withContext(withLocalStateContainer(CommentsPaneContainer)) />
    </TabPane>
    <TabPane
      data-testid="current-tab-pane"
      tabId="PROFILE"
    >
      <withContext(withLocalStateContainer(ProfileQuery)) />
    </TabPane>
    <TabPane
      data-testid="current-tab-pane"
      tabId="CONFIGURE"
    >
      <withContext(withLocalStateContainer(ConfigureQuery)) />
    </TabPane>
  </TabContent>
</ForwardRef(forwardRef)>
`;
