// Jest Snapshot v1, https://goo.gl/fbAQLP

exports[`renders correctly 1`] = `
<ForwardRef(forwardRef)
  size="double"
>
  <withContext(createMutationContainer(withContext(createMutationContainer(withContext(createMutationContainer(withContext(withLocalStateContainer(Relay(UserBoxContainer)))))))))
    settings={Object {}}
    viewer={Object {}}
  />
  <Relay(CommentHistoryContainer)
    story={Object {}}
    viewer={Object {}}
  />
</ForwardRef(forwardRef)>
`;
