// Jest Snapshot v1, https://goo.gl/fbAQLP

exports[`renders correctly 1`] = `
<withPropsOnChange(CallOut)
  className="coral coral-guidelines"
  color="primary"
  fullWidth={true}
>
  <Markdown>
    **bold**
  </Markdown>
</withPropsOnChange(CallOut)>
`;
