// Jest Snapshot v1, https://goo.gl/fbAQLP

exports[`renders correctly 1`] = `
<ForwardRef(forwardRef)
  alignItems="center"
  className="Bar-root"
  justifyContent="center"
>
  <header>
    Hello World
  </header>
</ForwardRef(forwardRef)>
`;
