// Jest Snapshot v1, https://goo.gl/fbAQLP

exports[`renders correctly 1`] = `
<ForwardRef(forwardRef)
  className="Timestamp-root"
  onClick={[Function]}
>
  <ForwardRef(forwardRef)
    className="Timestamp-text"
    date="1995-12-17T03:24:00.000Z"
  />
</ForwardRef(forwardRef)>
`;
