// Jest Snapshot v1, https://goo.gl/fbAQLP

exports[`renders correctly 1`] = `
<ForwardRef(forwardRef)
  alignItems="center"
  className="coral coral-comment-inReplyTo"
>
  <ForwardRef(forwardRef)
    className="InReplyTo-icon"
  >
    reply
  </ForwardRef(forwardRef)>
   
  <Localized
    Username={<Username />}
    id="comments-inReplyTo"
  >
    <span
      className="InReplyTo-inReplyTo coral coral-comment-inReplyToText"
    >
      In reply to &lt;Username&gt;&lt;/Username&gt;
    </span>
  </Localized>
</ForwardRef(forwardRef)>
`;
