// Jest Snapshot v1, https://goo.gl/fbAQLP

exports[`renders correctly 1`] = `
<section
  aria-labelledby="tab-one"
  id="tabPane-one"
  role="tabpanel"
>
  Hola One
</section>
`;
