// Jest Snapshot v1, https://goo.gl/fbAQLP

exports[`renders correctly 1`] = `
<a
  className="TextLink-root custom"
  href="Hello"
>
  Hello
</a>
`;
