// Jest Snapshot v1, https://goo.gl/fbAQLP

exports[`renders correctly 1`] = `
<ul
  className="DecisionList-root"
>
  children
</ul>
`;
