// Jest Snapshot v1, https://goo.gl/fbAQLP

exports[`renders correctly 1`] = `
<withPropsOnChange(Icon)
  className="RejectedIcon-root"
>
  cancel
</withPropsOnChange(Icon)>
`;
