// Jest Snapshot v1, https://goo.gl/fbAQLP

exports[`renders correctly 1`] = `
<div
  className="ValidationMessage-root ValidationMessage-colorError custom"
>
  <span
    aria-hidden="true"
    className="Icon-root ValidationMessage-icon Icon-sm"
  >
    warning
  </span>
  Hello World
</div>
`;
