// Jest Snapshot v1, https://goo.gl/fbAQLP

exports[`renders correctly 1`] = `
<div
  className="Message-root Message-colorError custom"
>
  <i
    aria-hidden="true"
    className="Icon-root Icon-sm MessageIcon-root"
  >
    warning
  </i>
  Hello World
</div>
`;
