// Jest Snapshot v1, https://goo.gl/fbAQLP

exports[`renders correctly 1`] = `
<div
  className="Circle-root root Circle-sizeReg Circle-colorReg"
>
  <svg
    className="Circle-circle"
    viewBox="0 0 100 100"
    xmlns="http://www.w3.org/2000/svg"
  >
    <circle
      cx="50%"
      cy="50%"
      fill="none"
      r="45"
      strokeWidth="10"
    />
  </svg>
</div>
`;
