// Jest Snapshot v1, https://goo.gl/fbAQLP

exports[`renders correctly 1`] = `
<div
  className="AriaInfo-root"
>
  This text is only for screen readers
</div>
`;
