// Jest Snapshot v1, https://goo.gl/fbAQLP

exports[`renders correctly 1`] = `
<ForwardRef(forwardRef)
  data-testid="configure-moderationContainer"
  size="double"
>
  <Relay(PerspectiveConfigContainer)
    disabled={false}
    onInitValues={[Function]}
    settings={Object {}}
  />
  <Relay(AkismetConfigContainer)
    disabled={false}
    onInitValues={[Function]}
    settings={Object {}}
  />
</ForwardRef(forwardRef)>
`;
