// Jest Snapshot v1, https://goo.gl/fbAQLP

exports[`post a comment: optimistic response 1`] = `
<div
  data-testid="comment-uuid-0"
>
  <div
    className="HorizontalGutter-root HorizontalGutter-full"
  >
    <div
      className="IndentedComment-blur Indent-root"
    >
      <div
        className=""
      >
        <div
          className="Comment-root"
          role="article"
        >
          <div
            className="Flex-root Flex-flex Flex-justifySpaceBetween Flex-directionRow"
          >
            <div
              className="Flex-root Flex-flex Flex-halfItemGutter Flex-alignBaseline Flex-directionColumn"
            >
              <span
                className="Typography-root Typography-heading3 Typography-colorTextPrimary Username-root"
              >
                Markus
              </span>
              <div
                className="Flex-root Flex-flex Flex-itemGutter Flex-alignBaseline Flex-directionRow"
              >
                <time
                  className="Timestamp-root RelativeTime-root"
                  dateTime="2018-07-06T18:24:00.000Z"
                  title="2018-07-06T18:24:00.000Z"
                >
                  2018-07-06T18:24:00.000Z
                </time>
              </div>
            </div>
            <div>
              <button
                className="BaseButton-root Button-root Button-sizeRegular Button-colorPrimary Button-variantUnderlined"
                onBlur={[Function]}
                onClick={[Function]}
                onFocus={[Function]}
                onMouseOut={[Function]}
                onMouseOver={[Function]}
                onTouchEnd={[Function]}
                type="button"
              >
                Edit
              </button>
            </div>
          </div>
          <div
            className="HorizontalGutter-root HorizontalGutter-full"
          >
            <div
              className="HTMLContent-root"
              dangerouslySetInnerHTML={
                Object {
                  "__html": "<b>Hello world!</b>",
                }
              }
            />
            <div
              className="Flex-root Flex-flex Flex-justifySpaceBetween"
            >
              <div
                className="Flex-root Flex-flex Flex-halfItemGutter Flex-directionRow"
              >
                <button
                  className="BaseButton-root Button-root Button-sizeSmall Button-colorRegular Button-variantGhost"
                  disabled={false}
                  id="comments-commentContainer-replyButton-uuid-0"
                  onBlur={[Function]}
                  onClick={[Function]}
                  onFocus={[Function]}
                  onMouseOut={[Function]}
                  onMouseOver={[Function]}
                  onTouchEnd={[Function]}
                  type="button"
                >
                  <span>
                    Reply
                  </span>
                </button>
                <div
                  className="Popover-root"
                >
                  <button
                    aria-controls="permalink-popover-uuid-0"
                    className="BaseButton-root Button-root Button-sizeSmall Button-colorRegular Button-variantGhost"
                    onBlur={[Function]}
                    onClick={[Function]}
                    onFocus={[Function]}
                    onMouseOut={[Function]}
                    onMouseOver={[Function]}
                    onTouchEnd={[Function]}
                    type="button"
                  >
                    <span>
                      Share
                    </span>
                  </button>
                  <div
                    aria-hidden={true}
                    aria-labelledby="permalink-popover-uuid-0-ariainfo"
                    id="permalink-popover-uuid-0"
                    role="popup"
                  >
                    <div
                      className="AriaInfo-root"
                      id="permalink-popover-uuid-0-ariainfo"
                    >
                      A dialog showing a permalink to the comment
                    </div>
                  </div>
                </div>
                <button
                  className="BaseButton-root Button-root Button-sizeSmall Button-colorRegular Button-variantGhost"
                  onBlur={[Function]}
                  onClick={[Function]}
                  onFocus={[Function]}
                  onMouseOut={[Function]}
                  onMouseOver={[Function]}
                  onTouchEnd={[Function]}
                  type="button"
                >
                  <span>
                    Respect
                  </span>
                </button>
              </div>
              <div
                className="Flex-root Flex-flex Flex-halfItemGutter Flex-directionRow"
              >
                <div
                  className="Popover-root"
                >
                  <button
                    aria-controls="report-popover-uuid-0"
                    className="BaseButton-root Button-root Button-sizeSmall Button-colorRegular Button-variantGhost"
                    disabled={false}
                    onBlur={[Function]}
                    onClick={[Function]}
                    onFocus={[Function]}
                    onMouseOut={[Function]}
                    onMouseOver={[Function]}
                    onTouchEnd={[Function]}
                    type="button"
                  >
                    <span>
                      Report
                    </span>
                  </button>
                  <div
                    aria-hidden={true}
                    aria-labelledby="report-popover-uuid-0-ariainfo"
                    id="report-popover-uuid-0"
                    role="popup"
                  >
                    <div
                      className="AriaInfo-root"
                      id="report-popover-uuid-0-ariainfo"
                    >
                      A dialog for reporting comments
                    </div>
                  </div>
                </div>
              </div>
            </div>
          </div>
        </div>
      </div>
    </div>
  </div>
</div>
`;
