// Jest Snapshot v1, https://goo.gl/fbAQLP

exports[`renders comment stream 1`] = `
<div
  className="HorizontalGutter-root App-root HorizontalGutter-full"
>
  <ul
    className="TabBar-root TabBar-primary"
    role="tablist"
  >
    <li
      className="Tab-root"
      id="tab-COMMENTS"
      role="presentation"
    >
      <button
        aria-controls="tabPane-COMMENTS"
        aria-selected={true}
        className="BaseButton-root Tab-button Tab-primary Tab-active"
        onBlur={[Function]}
        onClick={[Function]}
        onFocus={[Function]}
        onMouseOut={[Function]}
        onMouseOver={[Function]}
        onTouchEnd={[Function]}
        role="tab"
        type="button"
      >
        <span>
          ⁨2⁩ Comments
        </span>
      </button>
    </li>
  </ul>
  <section
    aria-labelledby="tab-COMMENTS"
    className="App-tabContent"
    id="tabPane-COMMENTS"
    role="tabpanel"
  >
    <div
      className="HorizontalGutter-root Stream-root HorizontalGutter-double"
    >
      <div
        className="HorizontalGutter-root HorizontalGutter-half"
      >
        <div
          className="Flex-root Flex-flex Flex-itemGutter Flex-alignCenter"
        >
          <button
            className="BaseButton-root Button-root Button-sizeSmall Button-colorPrimary Button-variantUnderlined"
            onBlur={[Function]}
            onClick={[Function]}
            onFocus={[Function]}
            onMouseOut={[Function]}
            onMouseOver={[Function]}
            onTouchEnd={[Function]}
            type="button"
          >
            Sign in
          </button>
          <button
            className="BaseButton-root Button-root Button-sizeSmall Button-colorPrimary Button-variantOutlined"
            onBlur={[Function]}
            onClick={[Function]}
            onFocus={[Function]}
            onMouseOut={[Function]}
            onMouseOver={[Function]}
            onTouchEnd={[Function]}
            type="button"
          >
            Register
          </button>
        </div>
        <div
          className="HorizontalGutter-root PostCommentFormFake-root HorizontalGutter-full"
        >
          <div
            aria-hidden="true"
          >
            <div>
              <div
                className=""
              >
                <div
                  aria-hidden="true"
                  className="RTE-placeholder RTE-placeholder "
                >
                  Post a comment
                </div>
                <div
                  aria-placeholder="Post a comment"
                  className="RTE-contentEditable RTE-content  RTE-contentEditableDisabled"
                  contentEditable={false}
                  dangerouslySetInnerHTML={
                    Object {
                      "__html": "",
                    }
                  }
                  disabled={true}
                  onBlur={[Function]}
                  onChange={[Function]}
                  onCut={[Function]}
                  onFocus={[Function]}
                  onInput={[Function]}
                  onKeyDown={[Function]}
                  onPaste={[Function]}
                  onSelect={[Function]}
                />
                <div
                  className="RTE-toolbar  RTE-toolbarDisabled RTE-toolbarBottom Toolbar-toolbar"
                >
                  <button
                    className="Button-button"
                    disabled={false}
                    onClick={[Function]}
                    title="Bold"
                    type="button"
                  >
                    <span
                      aria-hidden="true"
                      className="Icon-root Icon-md"
                    >
                      format_bold
                    </span>
                  </button>
                  <button
                    className="Button-button"
                    disabled={false}
                    onClick={[Function]}
                    title="Italic"
                    type="button"
                  >
                    <span
                      aria-hidden="true"
                      className="Icon-root Icon-md"
                    >
                      format_italic
                    </span>
                  </button>
                  <button
                    className="Button-button"
                    disabled={false}
                    onClick={[Function]}
                    title="Blockquote"
                    type="button"
                  >
                    <span
                      aria-hidden="true"
                      className="Icon-root Icon-md"
                    >
                      format_quote
                    </span>
                  </button>
                </div>
              </div>
            </div>
          </div>
          <button
            className="BaseButton-root Button-root Button-sizeRegular Button-colorPrimary Button-variantFilled Button-fullWidth Button-disabled"
            disabled={true}
            onBlur={[Function]}
            onFocus={[Function]}
            onMouseOut={[Function]}
            onMouseOver={[Function]}
            onTouchEnd={[Function]}
            type="submit"
          >
            Sign in and Join the Conversation
          </button>
        </div>
      </div>
      <div
        aria-live="polite"
        className="HorizontalGutter-root HorizontalGutter-full"
        id="talk-comments-stream-log"
        role="log"
      >
        <div
          className="HorizontalGutter-root HorizontalGutter-full"
        >
          <div
            className="HorizontalGutter-root HorizontalGutter-full"
          >
            <div
              className="Indent-root"
            >
              <div
                className=""
              >
                <div
                  className="Comment-root"
                  role="article"
                >
                  <div
                    className="Flex-root Flex-flex Flex-justifySpaceBetween Flex-directionRow"
                    id="comment-comment-0"
                  >
                    <div
                      className="Flex-root Flex-flex Flex-halfItemGutter Flex-alignBaseline Flex-directionColumn"
                    >
                      <span
                        className="Typography-root Typography-heading3 Typography-colorTextPrimary Username-root"
                      >
                        Markus
                      </span>
                      <div
                        className="Flex-root Flex-flex Flex-itemGutter Flex-alignBaseline Flex-directionRow"
                      >
                        <time
                          className="Timestamp-root RelativeTime-root"
                          dateTime="2018-07-06T18:24:00.000Z"
                          title="2018-07-06T18:24:00.000Z"
                        >
                          2018-07-06T18:24:00.000Z
                        </time>
                      </div>
                    </div>
                  </div>
                  <div
                    className="HorizontalGutter-root HorizontalGutter-full"
                  >
                    <div
                      className="HTMLContent-root"
                      dangerouslySetInnerHTML={
                        Object {
                          "__html": "Joining Too",
                        }
                      }
                    />
                    <div
                      className="Flex-root Flex-flex Flex-halfItemGutter Flex-directionRow"
                    >
                      <button
                        className="BaseButton-root Button-root Button-sizeSmall Button-colorRegular Button-variantGhost"
                        id="comments-commentContainer-replyButton-comment-0"
                        onBlur={[Function]}
                        onClick={[Function]}
                        onFocus={[Function]}
                        onMouseOut={[Function]}
                        onMouseOver={[Function]}
                        onTouchEnd={[Function]}
                        type="button"
                      >
                        <span>
                          Reply
                        </span>
                      </button>
                      <div
                        className="Popover-root"
                      >
                        <button
                          aria-controls="permalink-popover-comment-0"
                          className="BaseButton-root Button-root Button-sizeSmall Button-colorRegular Button-variantGhost"
                          onBlur={[Function]}
                          onClick={[Function]}
                          onFocus={[Function]}
                          onMouseOut={[Function]}
                          onMouseOver={[Function]}
                          onTouchEnd={[Function]}
                          type="button"
                        >
                          <span>
                            Share
                          </span>
                        </button>
                        <div
                          aria-hidden={true}
                          aria-labelledby="permalink-popover-comment-0-ariainfo"
                          id="permalink-popover-comment-0"
                          role="popup"
                        >
                          <div
                            className="AriaInfo-root"
                            id="permalink-popover-comment-0-ariainfo"
                          >
                            A dialog showing a permalink to the comment
                          </div>
                        </div>
                      </div>
                      <button
                        className="BaseButton-root Button-root Button-sizeSmall Button-colorRegular Button-variantGhost"
                        onBlur={[Function]}
                        onClick={[Function]}
                        onFocus={[Function]}
                        onMouseOut={[Function]}
                        onMouseOver={[Function]}
                        onTouchEnd={[Function]}
                        type="button"
                      >
                        <span>
                          Respect
                        </span>
                      </button>
                    </div>
                  </div>
                </div>
              </div>
            </div>
          </div>
          <div
            className="HorizontalGutter-root HorizontalGutter-full"
            id="talk-comments-replyList-log--comment-0"
            role="log"
          >
            <div
              className="HorizontalGutter-root HorizontalGutter-full"
            >
              <div
                className="HorizontalGutter-root HorizontalGutter-full"
              >
                <div
                  className="Indent-root"
                >
                  <div
                    className="Indent-level1"
                  >
                    <div
                      className="Comment-root"
                      role="article"
                    >
                      <div
                        className="Flex-root Flex-flex Flex-justifySpaceBetween Flex-directionRow"
                        id="comment-comment-1"
                      >
                        <div
                          className="Flex-root Flex-flex Flex-halfItemGutter Flex-alignBaseline Flex-directionColumn"
                        >
                          <span
                            className="Typography-root Typography-heading3 Typography-colorTextPrimary Username-root"
                          >
                            Lukas
                          </span>
                          <div
                            className="Flex-root Flex-flex Flex-itemGutter Flex-alignBaseline Flex-directionRow"
                          >
                            <time
                              className="Timestamp-root RelativeTime-root"
                              dateTime="2018-07-06T18:24:00.000Z"
                              title="2018-07-06T18:24:00.000Z"
                            >
                              2018-07-06T18:24:00.000Z
                            </time>
                          </div>
                        </div>
                      </div>
                      <div
                        className="HorizontalGutter-root HorizontalGutter-full"
                      >
                        <div
                          className="HTMLContent-root"
                          dangerouslySetInnerHTML={
                            Object {
                              "__html": "What's up?",
                            }
                          }
                        />
                        <div
                          className="Flex-root Flex-flex Flex-halfItemGutter Flex-directionRow"
                        >
                          <button
                            className="BaseButton-root Button-root Button-sizeSmall Button-colorRegular Button-variantGhost"
                            id="comments-commentContainer-replyButton-comment-1"
                            onBlur={[Function]}
                            onClick={[Function]}
                            onFocus={[Function]}
                            onMouseOut={[Function]}
                            onMouseOver={[Function]}
                            onTouchEnd={[Function]}
                            type="button"
                          >
                            <span>
                              Reply
                            </span>
                          </button>
                          <div
                            className="Popover-root"
                          >
                            <button
                              aria-controls="permalink-popover-comment-1"
                              className="BaseButton-root Button-root Button-sizeSmall Button-colorRegular Button-variantGhost"
                              onBlur={[Function]}
                              onClick={[Function]}
                              onFocus={[Function]}
                              onMouseOut={[Function]}
                              onMouseOver={[Function]}
                              onTouchEnd={[Function]}
                              type="button"
                            >
                              <span>
                                Share
                              </span>
                            </button>
                            <div
                              aria-hidden={true}
                              aria-labelledby="permalink-popover-comment-1-ariainfo"
                              id="permalink-popover-comment-1"
                              role="popup"
                            >
                              <div
                                className="AriaInfo-root"
                                id="permalink-popover-comment-1-ariainfo"
                              >
                                A dialog showing a permalink to the comment
                              </div>
                            </div>
                          </div>
                          <button
                            className="BaseButton-root Button-root Button-sizeSmall Button-colorRegular Button-variantGhost"
                            onBlur={[Function]}
                            onClick={[Function]}
                            onFocus={[Function]}
                            onMouseOut={[Function]}
                            onMouseOver={[Function]}
                            onTouchEnd={[Function]}
                            type="button"
                          >
                            <span>
                              Respect
                            </span>
                          </button>
                        </div>
                      </div>
                    </div>
                  </div>
                </div>
              </div>
            </div>
            <div
              className="Indent-root"
            >
              <div
                className="Indent-level1 Indent-noBorder"
              >
                <button
                  aria-controls="talk-comments-replyList-log--comment-0"
                  className="BaseButton-root Button-root Button-sizeRegular Button-colorRegular Button-variantOutlined Button-fullWidth"
                  disabled={false}
                  id="talk-comments-replyList-showAll--comment-0"
                  onBlur={[Function]}
                  onClick={[Function]}
                  onFocus={[Function]}
                  onMouseOut={[Function]}
                  onMouseOver={[Function]}
                  onTouchEnd={[Function]}
                  type="button"
                >
                  Show All
                </button>
              </div>
            </div>
          </div>
        </div>
      </div>
    </div>
  </section>
</div>
`;

exports[`show all replies 1`] = `
<div
  className="HorizontalGutter-root App-root HorizontalGutter-full"
>
  <ul
    className="TabBar-root TabBar-primary"
    role="tablist"
  >
    <li
      className="Tab-root"
      id="tab-COMMENTS"
      role="presentation"
    >
      <button
        aria-controls="tabPane-COMMENTS"
        aria-selected={true}
        className="BaseButton-root Tab-button Tab-primary Tab-active"
        onBlur={[Function]}
        onClick={[Function]}
        onFocus={[Function]}
        onMouseOut={[Function]}
        onMouseOver={[Function]}
        onTouchEnd={[Function]}
        role="tab"
        type="button"
      >
        <span>
          ⁨2⁩ Comments
        </span>
      </button>
    </li>
  </ul>
  <section
    aria-labelledby="tab-COMMENTS"
    className="App-tabContent"
    id="tabPane-COMMENTS"
    role="tabpanel"
  >
    <div
      className="HorizontalGutter-root Stream-root HorizontalGutter-double"
    >
      <div
        className="HorizontalGutter-root HorizontalGutter-half"
      >
        <div
          className="Flex-root Flex-flex Flex-itemGutter Flex-alignCenter"
        >
          <button
            className="BaseButton-root Button-root Button-sizeSmall Button-colorPrimary Button-variantUnderlined"
            onBlur={[Function]}
            onClick={[Function]}
            onFocus={[Function]}
            onMouseOut={[Function]}
            onMouseOver={[Function]}
            onTouchEnd={[Function]}
            type="button"
          >
            Sign in
          </button>
          <button
            className="BaseButton-root Button-root Button-sizeSmall Button-colorPrimary Button-variantOutlined"
            onBlur={[Function]}
            onClick={[Function]}
            onFocus={[Function]}
            onMouseOut={[Function]}
            onMouseOver={[Function]}
            onTouchEnd={[Function]}
            type="button"
          >
            Register
          </button>
        </div>
        <div
          className="HorizontalGutter-root PostCommentFormFake-root HorizontalGutter-full"
        >
          <div
            aria-hidden="true"
          >
            <div>
              <div
                className=""
              >
                <div
                  aria-hidden="true"
                  className="RTE-placeholder RTE-placeholder "
                >
                  Post a comment
                </div>
                <div
                  aria-placeholder="Post a comment"
                  className="RTE-contentEditable RTE-content  RTE-contentEditableDisabled"
                  contentEditable={false}
                  dangerouslySetInnerHTML={
                    Object {
                      "__html": "",
                    }
                  }
                  disabled={true}
                  onBlur={[Function]}
                  onChange={[Function]}
                  onCut={[Function]}
                  onFocus={[Function]}
                  onInput={[Function]}
                  onKeyDown={[Function]}
                  onPaste={[Function]}
                  onSelect={[Function]}
                />
                <div
                  className="RTE-toolbar  RTE-toolbarDisabled RTE-toolbarBottom Toolbar-toolbar"
                >
                  <button
                    className="Button-button"
                    disabled={false}
                    onClick={[Function]}
                    title="Bold"
                    type="button"
                  >
                    <span
                      aria-hidden="true"
                      className="Icon-root Icon-md"
                    >
                      format_bold
                    </span>
                  </button>
                  <button
                    className="Button-button"
                    disabled={false}
                    onClick={[Function]}
                    title="Italic"
                    type="button"
                  >
                    <span
                      aria-hidden="true"
                      className="Icon-root Icon-md"
                    >
                      format_italic
                    </span>
                  </button>
                  <button
                    className="Button-button"
                    disabled={false}
                    onClick={[Function]}
                    title="Blockquote"
                    type="button"
                  >
                    <span
                      aria-hidden="true"
                      className="Icon-root Icon-md"
                    >
                      format_quote
                    </span>
                  </button>
                </div>
              </div>
            </div>
          </div>
          <button
            className="BaseButton-root Button-root Button-sizeRegular Button-colorPrimary Button-variantFilled Button-fullWidth Button-disabled"
            disabled={true}
            onBlur={[Function]}
            onFocus={[Function]}
            onMouseOut={[Function]}
            onMouseOver={[Function]}
            onTouchEnd={[Function]}
            type="submit"
          >
            Sign in and Join the Conversation
          </button>
        </div>
      </div>
      <div
        aria-live="polite"
        className="HorizontalGutter-root HorizontalGutter-full"
        id="talk-comments-stream-log"
        role="log"
      >
        <div
          className="HorizontalGutter-root HorizontalGutter-full"
        >
          <div
            className="HorizontalGutter-root HorizontalGutter-full"
          >
            <div
              className="Indent-root"
            >
              <div
                className=""
              >
                <div
                  className="Comment-root"
                  role="article"
                >
                  <div
                    className="Flex-root Flex-flex Flex-justifySpaceBetween Flex-directionRow"
                    id="comment-comment-0"
                  >
                    <div
                      className="Flex-root Flex-flex Flex-halfItemGutter Flex-alignBaseline Flex-directionColumn"
                    >
                      <span
                        className="Typography-root Typography-heading3 Typography-colorTextPrimary Username-root"
                      >
                        Markus
                      </span>
                      <div
                        className="Flex-root Flex-flex Flex-itemGutter Flex-alignBaseline Flex-directionRow"
                      >
                        <time
                          className="Timestamp-root RelativeTime-root"
                          dateTime="2018-07-06T18:24:00.000Z"
                          title="2018-07-06T18:24:00.000Z"
                        >
                          2018-07-06T18:24:00.000Z
                        </time>
                      </div>
                    </div>
                  </div>
                  <div
                    className="HorizontalGutter-root HorizontalGutter-full"
                  >
                    <div
                      className="HTMLContent-root"
                      dangerouslySetInnerHTML={
                        Object {
                          "__html": "Joining Too",
                        }
                      }
                    />
                    <div
                      className="Flex-root Flex-flex Flex-halfItemGutter Flex-directionRow"
                    >
                      <button
                        className="BaseButton-root Button-root Button-sizeSmall Button-colorRegular Button-variantGhost"
                        id="comments-commentContainer-replyButton-comment-0"
                        onBlur={[Function]}
                        onClick={[Function]}
                        onFocus={[Function]}
                        onMouseOut={[Function]}
                        onMouseOver={[Function]}
                        onTouchEnd={[Function]}
                        type="button"
                      >
                        <span>
                          Reply
                        </span>
                      </button>
                      <div
                        className="Popover-root"
                      >
                        <button
                          aria-controls="permalink-popover-comment-0"
                          className="BaseButton-root Button-root Button-sizeSmall Button-colorRegular Button-variantGhost"
                          onBlur={[Function]}
                          onClick={[Function]}
                          onFocus={[Function]}
                          onMouseOut={[Function]}
                          onMouseOver={[Function]}
                          onTouchEnd={[Function]}
                          type="button"
                        >
                          <span>
                            Share
                          </span>
                        </button>
                        <div
                          aria-hidden={true}
                          aria-labelledby="permalink-popover-comment-0-ariainfo"
                          id="permalink-popover-comment-0"
                          role="popup"
                        >
                          <div
                            className="AriaInfo-root"
                            id="permalink-popover-comment-0-ariainfo"
                          >
                            A dialog showing a permalink to the comment
                          </div>
                        </div>
                      </div>
                      <button
                        className="BaseButton-root Button-root Button-sizeSmall Button-colorRegular Button-variantGhost"
                        onBlur={[Function]}
                        onClick={[Function]}
                        onFocus={[Function]}
                        onMouseOut={[Function]}
                        onMouseOver={[Function]}
                        onTouchEnd={[Function]}
                        type="button"
                      >
                        <span>
                          Respect
                        </span>
                      </button>
                    </div>
                  </div>
                </div>
              </div>
            </div>
          </div>
          <div
            className="HorizontalGutter-root HorizontalGutter-full"
            id="talk-comments-replyList-log--comment-0"
            role="log"
          >
            <div
              className="HorizontalGutter-root HorizontalGutter-full"
            >
              <div
                className="HorizontalGutter-root HorizontalGutter-full"
              >
                <div
                  className="Indent-root"
                >
                  <div
                    className="Indent-level1"
                  >
                    <div
                      className="Comment-root"
                      role="article"
                    >
                      <div
                        className="Flex-root Flex-flex Flex-justifySpaceBetween Flex-directionRow"
                        id="comment-comment-1"
                      >
                        <div
                          className="Flex-root Flex-flex Flex-halfItemGutter Flex-alignBaseline Flex-directionColumn"
                        >
                          <span
                            className="Typography-root Typography-heading3 Typography-colorTextPrimary Username-root"
                          >
                            Lukas
                          </span>
                          <div
                            className="Flex-root Flex-flex Flex-itemGutter Flex-alignBaseline Flex-directionRow"
                          >
                            <time
                              className="Timestamp-root RelativeTime-root"
                              dateTime="2018-07-06T18:24:00.000Z"
                              title="2018-07-06T18:24:00.000Z"
                            >
                              2018-07-06T18:24:00.000Z
                            </time>
                          </div>
                        </div>
                      </div>
                      <div
                        className="HorizontalGutter-root HorizontalGutter-full"
                      >
                        <div
                          className="HTMLContent-root"
                          dangerouslySetInnerHTML={
                            Object {
                              "__html": "What's up?",
                            }
                          }
                        />
                        <div
                          className="Flex-root Flex-flex Flex-halfItemGutter Flex-directionRow"
                        >
                          <button
                            className="BaseButton-root Button-root Button-sizeSmall Button-colorRegular Button-variantGhost"
                            id="comments-commentContainer-replyButton-comment-1"
                            onBlur={[Function]}
                            onClick={[Function]}
                            onFocus={[Function]}
                            onMouseOut={[Function]}
                            onMouseOver={[Function]}
                            onTouchEnd={[Function]}
                            type="button"
                          >
                            <span>
                              Reply
                            </span>
                          </button>
                          <div
                            className="Popover-root"
                          >
                            <button
                              aria-controls="permalink-popover-comment-1"
                              className="BaseButton-root Button-root Button-sizeSmall Button-colorRegular Button-variantGhost"
                              onBlur={[Function]}
                              onClick={[Function]}
                              onFocus={[Function]}
                              onMouseOut={[Function]}
                              onMouseOver={[Function]}
                              onTouchEnd={[Function]}
                              type="button"
                            >
                              <span>
                                Share
                              </span>
                            </button>
                            <div
                              aria-hidden={true}
                              aria-labelledby="permalink-popover-comment-1-ariainfo"
                              id="permalink-popover-comment-1"
                              role="popup"
                            >
                              <div
                                className="AriaInfo-root"
                                id="permalink-popover-comment-1-ariainfo"
                              >
                                A dialog showing a permalink to the comment
                              </div>
                            </div>
                          </div>
                          <button
                            className="BaseButton-root Button-root Button-sizeSmall Button-colorRegular Button-variantGhost"
                            onBlur={[Function]}
                            onClick={[Function]}
                            onFocus={[Function]}
                            onMouseOut={[Function]}
                            onMouseOver={[Function]}
                            onTouchEnd={[Function]}
                            type="button"
                          >
                            <span>
                              Respect
                            </span>
                          </button>
                        </div>
                      </div>
                    </div>
                  </div>
                </div>
              </div>
            </div>
            <div
              className="HorizontalGutter-root HorizontalGutter-full"
            >
              <div
                className="HorizontalGutter-root HorizontalGutter-full"
              >
                <div
                  className="Indent-root"
                >
                  <div
                    className="Indent-level1"
                  >
                    <div
                      className="Comment-root"
                      role="article"
                    >
                      <div
                        className="Flex-root Flex-flex Flex-justifySpaceBetween Flex-directionRow"
                        id="comment-comment-2"
                      >
                        <div
                          className="Flex-root Flex-flex Flex-halfItemGutter Flex-alignBaseline Flex-directionColumn"
                        >
                          <span
                            className="Typography-root Typography-heading3 Typography-colorTextPrimary Username-root"
                          >
                            Isabelle
                          </span>
                          <div
                            className="Flex-root Flex-flex Flex-itemGutter Flex-alignBaseline Flex-directionRow"
                          >
                            <time
                              className="Timestamp-root RelativeTime-root"
                              dateTime="2018-07-06T18:24:00.000Z"
                              title="2018-07-06T18:24:00.000Z"
                            >
                              2018-07-06T18:24:00.000Z
                            </time>
                          </div>
                        </div>
                      </div>
                      <div
                        className="HorizontalGutter-root HorizontalGutter-full"
                      >
                        <div
                          className="HTMLContent-root"
                          dangerouslySetInnerHTML={
                            Object {
                              "__html": "Hey!",
                            }
                          }
                        />
                        <div
                          className="Flex-root Flex-flex Flex-halfItemGutter Flex-directionRow"
                        >
                          <button
                            className="BaseButton-root Button-root Button-sizeSmall Button-colorRegular Button-variantGhost"
                            id="comments-commentContainer-replyButton-comment-2"
                            onBlur={[Function]}
                            onClick={[Function]}
                            onFocus={[Function]}
                            onMouseOut={[Function]}
                            onMouseOver={[Function]}
                            onTouchEnd={[Function]}
                            type="button"
                          >
                            <span>
                              Reply
                            </span>
                          </button>
                          <div
                            className="Popover-root"
                          >
                            <button
                              aria-controls="permalink-popover-comment-2"
                              className="BaseButton-root Button-root Button-sizeSmall Button-colorRegular Button-variantGhost"
                              onBlur={[Function]}
                              onClick={[Function]}
                              onFocus={[Function]}
                              onMouseOut={[Function]}
                              onMouseOver={[Function]}
                              onTouchEnd={[Function]}
                              type="button"
                            >
                              <span>
                                Share
                              </span>
                            </button>
                            <div
                              aria-hidden={true}
                              aria-labelledby="permalink-popover-comment-2-ariainfo"
                              id="permalink-popover-comment-2"
                              role="popup"
                            >
                              <div
                                className="AriaInfo-root"
                                id="permalink-popover-comment-2-ariainfo"
                              >
                                A dialog showing a permalink to the comment
                              </div>
                            </div>
                          </div>
                          <button
                            className="BaseButton-root Button-root Button-sizeSmall Button-colorRegular Button-variantGhost"
                            onBlur={[Function]}
                            onClick={[Function]}
                            onFocus={[Function]}
                            onMouseOut={[Function]}
                            onMouseOver={[Function]}
                            onTouchEnd={[Function]}
                            type="button"
                          >
                            <span>
                              Respect
                            </span>
                          </button>
                        </div>
                      </div>
                    </div>
                  </div>
                </div>
              </div>
            </div>
          </div>
        </div>
      </div>
    </div>
  </section>
</div>
`;
